[  0.000000] Initializing cgroup subsys cpuset
[    0.000000] Initializing cgroupsubsys cpu
[    0.000] Initiazi croup subsys cpuacct
[    0.000000] Linux rsion4.4.-139-generic (buildd@lcy01-amd64-06) (gc rsio 5.4.0 20160609 Ubntu 5.4.0-6ubuntu1~16.04.10) ) #165-Ubuntu SMP Wed Oct 24 10:58:50 UTC 2018 (Ubuntu 4.4.0-139.165-generic 4.4.160)
[    0.000000]Command line: BOOT_IMAGE=/boot/vmlinuz-4.4.0-139-generic rootUID=8628860-7699-4c6a-971e-51658082e0 ro consoltty1 consoe=ty
[    00000] KERNEL supported cpus:
[    0.000000]   Intel GenuineIntel
[    0.000000]   AMD AuthenticAMD
[    0.000000]   Centaur CentaurHauls
[    0.000000] x86/fpu: xstate_offset[2]:  576, xsta_sizes[2]:  256
[    0.000000] x86/fpu: Supporting XSAVE feature 0x01: 87 floating point registers'
[    0.000000] x86/fpu: Supporting XSAVE feature 0x02: 'SSE registers'
[    0.000000 x86/fpu: upporting XSAVE feature 0x04: 'AVX registers'
[    0.000000] x86/fpu: Enabled xstate features 0x7, context size is 83bytes using 'standardformat.
   0.000000e8: IO-pvidd hysical  RAM ma
  0.0000]IO-e820: emx0000000000000000-0x000000000009fbff] usable
[    0.000000] BIOS-e820: [mem 0x000000000009fc00-0x00000009fff rserved
[    0.000000] BIOS-e820: [mem 0x00000000000f0000-0x00000000000fffff] reserved
[    0.000000] BIOS-e820[m 000000001000-0x000003ffefff usable
[  0.0000BIOS-e80:me 0x000000003fff0000-0x000000003fffffff] ACPI data
[    0.000000] BIOS-e820: [mem 0x00000000fec000-0x00000000fec00fff] reserved
[  0.00000] BIOS-20[mem 0x00000000fee00000-0x00000000fee00fff] reserved
[  00000]  BOS820:[mem 000000fffc00-0000000ffffffff] resrv
[    0.0000] NX (Execute Disable) protection: activ
    0.0000SMBIS 5 present.
[    0.000000] Hypervisor dtected: KVM
[    0.000000] e20last_pn 0x3ff0 mx_ch_pf = 0x40000
[  0.0000] MT: Disabled
[    0.000000] x86/PAT: MTRRs disabd, skippg PAT itialization t.
[    0.0000] CPMTs all blank - virtualized system.
[    0.000000] x86/PAT: Configuration [0-7]: WB  WT  UC- UC  WB  WT  UC- UC  
[    0.000000] found SMP MP-table at [mem 0x0009fff0-0x0009ffff] mapped at [ffff88000009fff0]
[    0.000000] Scanning 1 areas for low memory corruption
[    0.000000] RAMDISK: [mem 0x361f4000-0x370f1fff]
[    0.000000] ACPI: Early table checksum verification disabled
[    0.000000] ACPI: RSDP 0x00000000000E0000 000024 (02 BOX  )
[    0.00000] AC: DT 0x000000003FFF30 00003C (v01 VBOX   VBOXXSDT 000001SL00000061)
[    0.000] CPI: FACP 0x0000003FFF00F0 0000F4 (v04 VBOX   VBOXFACP 0000 ASL  00000061)
[    0.000000] ACPI: DSDT 0x000000003FFF0470 0021FF (v02 VBOX   VBOXBIOS 00000002 INTL 20100528)
[    0.000000] ACPII: FACS 0x00000003FFF0200 000040
[    0.000000] ACPI: FACS 0x000000003FFF0200 000040
[   0.000000] ACPI: PIC 0x000000003FFF0240 00005C (v02 VBOX   VBOXAPIC 00000001 ASL  00000061)
[    0.000000] ACPI: SSDT 0x000000003FF02A0 0001CC (v01 VBOX   VBOXCPUT 00000002 INTL 20100528)
[    0.000000] No NUMA configuration found
[    0.000000] Faking a node at [mem 0x0000000000000000-0x0000000feffff]
[    0.000000] NODE_DATA(0) allocted [mem 0ffb000-0x3ffeffff
  0.0000kv-clo: Using msr4b64d0 a 4564d00
[  0.000000] kvm-clock: cpu 0, msr 0:fe3001, primary cpu cloc
[   0.000000] km-clock: using sched offset of 4007359352 cycles
[    0.000000] clocksource: kvm-clock: mask: 0xffffffffffffff mx_cycles: 0x1cd42e4dffb, max_idle_ns: 881590591483 ns
[    0.000000] Zone ranges:
[    0.000000]   DMA      [mem 0x0000000000001000-0x0000000000ffffff
[   .00000   DMA32    [memx0000000001000000-0x000000003ffeffff]
[    0.000000]   Normal   empty
[    0.000000]   Device   empty
[    0.000000] Movable zone start for each node
[    0.000000] Early memory node ranges
[    0.000000]   node   0: [mem 0x0000000000001000-0x0000000009ef]
[    0.000000]   node   0: [mm 0x0000000000100000-0x00000003ffefff]    0.000000 Initmem setup node0 em 0x00000000000010000x000000003ffeffff]
[    0.000000] ACPI: PM-Timer IO Port: 0x4008
[    0.000000] IOAPIC[0]: apic_id 2, version 32, address 0xfec00000, GSI 0-23
[    0.000000] ACPI: INT_SRC_OVR (bus 0 bus_irq 0 global_irq 2 dfldfl)
[    0.000000] API: INTSRC_OVR (bus 0 bus_irq 9 global_irq 9 low level)
[    0.000000] Using ACPI (MADT) for SMP configuration information
[   .00000] smpboot: Allowin 2PUs, 0 hotplug CPUs
[    0.000000] PM: Registered nosave memory: [mem 0x00000000-0x00000fff]
[    0.000000] PM: Registered nosave memory: [mem 0x0009f000-0x0009ffff]
[    0.000000] PM: Registered nosave memory: [mem 0x000a0000-0x000effff]
[    0.000000]PM Risterenove mery[mem 000000-0x000fffff]
[    0.00000 e0: [mem 0x40000-0xfebfffff] available for PCI devices
[    0.000000] Booting paravirtualized kernel on KVM
[    0.000000]losource: refine-jfis: mask: 0xfffffmax_cycles: 0xffffffff, max_idle_ns: 7645519600211568 ns
[    0.000000] setup_percpu: NR_CPUS:512 nr_cpumask_bits:512 nr_cpu_ids:2 nr_node_ids:1
[    0.000000] PERCPU: Embedded 34 pages/cpu @ffff88003fc00000 s99608 r8192 d31464 u1048576
[    0.000000] PV qspinlock hah ble entries: 256 (order: 0, 4096 bytes)
[    0.000000] Built 1 zonelists in Node order mobilit gupng on.  Total pages: 257912
[    0.000000] Policy zone: DMA32
[    0.000000] Kernel command line: BOOT_IME=oot/vmlinuz-4.4.0-139-generic rootUI48628860-769-6a-971e-5165408082e0 ro console=tty1 console=ttyS0
[    0.000000] PID hash table entries: 4096 (order: 3, 32768 bytes)
[    0.000000] Memory: 997152K/1048120K available (8564K kernel code, 1314K rwdata, 4004K odata, 28K it, 1316K bss, 50968K reserved, 0K cma-reserved)
[    0.000000] SLUB: HWalign=64, Order=0-3, MinObjects=0,CPUs=2, Nodes1    0.000 Kernel/Userpae bles isolation: enabled
[    0.000000] Hierarchical RCU iplentation.
[    0.000000] 	Bild-timadstment of leaf faut to 64.
[   0.000000 	RCU rerictngCPUs from NR_CPUS=512 to nr_cpu_ids=2.
[    0.000]RCU: Adjusting eomet fr rcfaut_lea64nr_cpuid2
[  000000] R_QS33024 n_irq:4 16
[    0.000000] Console: colour VGA+ 80x25
[    0.000000] console [tty1] enabled
[    0.000 console [ttyS0] enabl
[    0.000000] tsc Dtected 2303.998 MHz processor
[    5.937177] Calibrating delay loop (skipped) preset value.. 4607.99 BogoMIPS (lpj=9215992)
[    5.944568] pid_max: default: 32768 minimum: 301
[    5.945391] ACPI: Core revision 20150930
[    5.946900] ACPI: 2 ACPI AML tables successfully acquired and loaded
[    5.958686] Security Framework initialized
[    5.959609] Yama: becoming mindful.
[    5.960411] AppArmor: AppArmor initialized
[    5.979470] Dentry cache hash table entries: 131072 (order: 8, 1048576 bytes)
[    5.994956] Inode-cache hash table entries: 65536 (order: 7, 524288 bytes)
[    6.031560] Mount-cache hash table entries: 2048 (order: 2, 16384 bytes)
[    6.038233] Mountpoint-cache hash table entries: 2048 (order: 2, 16384 bytes)
[    6.056970] Initializing cgroup subsys io
[    6.081670] Initializing cgroup subsys memory
[    6.082767] Initializing cgroup subsys devices
[    6.083971] Initializing cgroup subsys freezer
[    6.095795] Initializing cgroup subsys net_cls
[    6.096621] Initializing cgroup subsys perf_event
[    6.097504] Initializing cgroup subsys net_prio
[    6.105609] Initializing cgroup subsys hugetlb
[    6.106434] Initializing cgroup subsys pids
[    6.108339] mce: CPU supports 0 MCE banks
[    6.128236] Last level iTLB entries: 4KB 64, 2MB 8, 4MB 8
[    6.149235] Last level dTLB entries: 4KB 64, 2MB 0, 4MB 0, 1GB 4
[    6.150809] Spectre V2 : Mitigation: Full generic retpoline
[    6.166327] Spectre V2 : Spectre v2 mitigation: Speculation control IBPB not-supported IBRS not-supported
[    6.179418] Spectre V2 : Spectre v2 / SpectreRSB mitigation: Filling RSB on context switch
[    6.215538] Speculative Store Bypass: Vulnerable
[    6.235962] Freeing SMP alternatives memory: 32K
[    6.290423] ftrace: allocating 32278 entries in 127 pages
[    6.350570] smpboot: APIC(0) Converting physical 0 to logical package 0
[    6.382855] smpboot: Max logical packages: 1
[    6.404717] x2apic enabled
[    6.419551] Switched APIC routing to physical x2apic.
[    6.429156] ..TIMER: vector=0x30 apic1=0 pin1=2 apic2=-1 pin2=-1
[    6.547644] smpboot: CPU0: Intel(R) Core(TM) i5-7360U CPU @ 2.30GHz (family: 0x6, model: 0x8e, stepping: 0x9)
[    6.608596] Performance Events: unsupported p6 CPU model 142 no PMU driver, software events only.
[    6.626982] KVM setup paravirtual spinlock
[    6.661244] x86: Booting SMP configuration:
[    6.692406] .... node  #0, CPUs:      #1
[    6.704642] kvm-clock: cpu 1, msr 0:3ffe3041, secondary cpu clock
[    6.706482] mce: CPU supports 0 MCE banks
[    6.709020] x86: Booted up 1 node, 2 CPUs
[    6.709970] smpboot: Total of 2 processors activated (9215.99 BogoMIPS)
[    6.711556] devtmpfs: initialized
[    6.731008] evm: security.selinux
[    6.749805] evm: security.SMACK64
[    6.767121] evm: security.SMACK64EXEC
[    6.772226] evm: security.SMACK64TRANSMUTE
[    6.800091] evm: security.SMACK64MMAP
[    6.801172] evm: security.ima
[    6.818274] evm: security.capability
[    6.819226] clocksource: jiffies: mask: 0xffffffff max_cycles: 0xffffffff, max_idle_ns: 7645041785100000 ns
[    6.877596] futex hash table entries: 512 (order: 3, 32768 bytes)
[    6.915161] pinctrl core: initialized pinctrl subsystem
[    6.960280] RTC time:  8:51:58, date: 12/11/18
[    6.961406] NET: Registered protocol family 16
[    7.004760] cpuidle: using governor ladder
[    7.047883] cpuidle: using governor menu
[    7.056475] PCCT header not found.
[    7.057287] ACPI: bus type PCI registered
[    7.080850] acpiphp: ACPI Hot Plug PCI Controller Driver version: 0.5
[    7.110654] PCI: Using configuration type 1 for base access
[    7.145296] ACPI: Added _OSI(Module Device)
[    7.157506] ACPI: Added _OSI(Processor Device)
[    7.158598] ACPI: Added _OSI(3.0 _SCP Extensions)
[    7.199450] ACPI: Added _OSI(Processor Aggregator Device)
[    7.228794] ACPI: Executed 1 blocks of module-level executable AML code
[    7.244281] ACPI: Interpreter enabled
[    7.268218] ACPI: (supports S0 S5)
[    7.291785] ACPI: Using IOAPIC for interrupt routing
[    7.321296] PCI: Using host bridge windows from ACPI; if necessary, use "pci=nocrs" and report a bug
[    7.360140] ACPI: PCI Root Bridge [PCI0] (domain 0000 [bus 00-ff])
[    7.366192] acpi PNP0A03:00: _OSC: OS supports [ASPM ClockPM Segments MSI]
[    7.380987] acpi PNP0A03:00: _OSC: not requesting OS control; OS requires [ExtendedConfig ASPM ClockPM MSI]
[    7.445165] acpi PNP0A03:00: fail to add MMCONFIG information, can't access extended PCI configuration space under this bridge.
[    7.470378] PCI host bridge to bus 0000:00
[    7.476666] pci_bus 0000:00: root bus resource [io  0x0000-0x0cf7 window]
[    7.514033] pci_bus 0000:00: root bus resource [io  0x0d00-0xffff window]
[    7.520800] pci_bus 0000:00: root bus resource [mem 0x000a0000-0x000bffff window]
[    7.541854] pci_bus 0000:00: root bus resource [mem 0x40000000-0xfdffffff window]
[    7.548318] pci_bus 0000:00: root bus resource [bus 00-ff]
[    7.567076] pci 0000:00:01.1: legacy IDE quirk: reg 0x10: [io  0x01f0-0x01f7]
[    7.604080] pci 0000:00:01.1: legacy IDE quirk: reg 0x14: [io  0x03f6]
[    7.635151] pci 0000:00:01.1: legacy IDE quirk: reg 0x18: [io  0x0170-0x0177]
[    7.636510] pci 0000:00:01.1: legacy IDE quirk: reg 0x1c: [io  0x0376]
[    7.677117] pci 0000:00:07.0: quirk: [io  0x4000-0x403f] claimed by PIIX4 ACPI
[    7.709972] pci 0000:00:07.0: quirk: [io  0x4100-0x410f] claimed by PIIX4 SMB
[    7.759582] ACPI: PCI Interrupt Link [LNKA] (IRQs 5 9 10 *11)
[    7.806229] ACPI: PCI Interrupt Link [LNKB] (IRQs 5 9 *10 11)
[    7.817803] ACPI: PCI Interrupt Link [LNKC] (IRQs 5 *9 10 11)
[    7.827638] ACPI: PCI Interrupt Link [LNKD] (IRQs 5 9 10 *11)
[    7.845049] ACPI: Enabled 2 GPEs in block 00 to 07
[    7.852323] vgaarb: setting as boot device: PCI:0000:00:02.0
[    7.864478] vgaarb: device added: PCI:0000:00:02.0,decodes=io+mem,owns=io+mem,locks=none
[    7.865984] vgaarb: loaded
[    7.866635] vgaarb: bridge control possible 0000:00:02.0
[    7.874403] SCSI subsystem initialized
[    7.912744] ACPI: bus type USB registered
[    7.933336] usbcore: registered new interface driver usbfs
[    7.964669] usbcore: registered new interface driver hub
[    7.992904] usbcore: registered new device driver usb
[    8.012274] PCI: Using ACPI for IRQ routing
[    8.030004] NetLabel: Initializing
[    8.036644] NetLabel:  domain hash size = 128
[    8.066846] NetLabel:  protocols = UNLABELED CIPSOv4
[    8.085371] NetLabel:  unlabeled traffic allowed by default
[    8.109485] amd_nb: Cannot enumerate AMD northbridges
[    8.131671] clocksource: Switched to clocksource kvm-clock
[    8.141954] AppArmor: AppArmor Filesystem Enabled
[    8.142949] pnp: PnP ACPI init
[    8.144301] pnp: PnP ACPI: found 3 devices
[    8.154028] clocksource: acpi_pm: msk: 0ffff maxcyes: ffffmaid_n 25701024 ns
[    8.88] T:egistered protocol family 2

[    8.835185] TCP establishe hh bl entries: 19(oer4,5536 byt)
[    9.231369] TCP bind hash table entries: 8192 (order: 5, 131072 bytes)
[    9.232579] TCP: Hash tables configured (established 8192 bind 8192)
    9233850]DPastae trs:12order: 2, 16384 bytes)
  9.52] P-teastablentes51(oer2,63 bytes)[   10.369156] NET: Registered protocol family 1
[   10.395858] pci 0000:00:00.0: Limiting direct PCI/PCI transfers
[   10.397004] pci 0000:00:01.0: Activating ISA A ngorrods[   10.6681Unpackininras...

[   11.105367] Freeing initrd memory: 15352K
[   11.122572] platform rtc_cmos: registered platform RTC device (no PNP device found)
[   11.187257] Scanning for low memory corruption every 60 seconds
[   11.225773] audit: initializing netlink subsys (disabled)
[   11.322764] audit: type=2000 audit(1544518321.164:1): initialized
[   11.386963] Initialise system trusted keyring
[   11.396104] HugeTLB registered 2 MB page size, pre-allocated 0 pages
[   11.416015] zbud: loaded
[   11.420017] VFS: Disk quotas dquot_6.6.0
[   11.431927] VFS: Dquot-cache hash table entries: 512 (order 0, 4096 bytes)
[   11.463460] squashfs: version 4.0 (2009/01/31) Phillip Lougher
[   11.504181] fuse init (API version 7.23)
[   11.517260] Key type big_key registered
[   11.536078] Allocating IMA MOK and blacklist keyrings.
[   11.556272] Key type asymmetric registered
[   11.570513] Asymmetric key parser 'x509' registered
[   11.576892] Block layer SCSI generic (bsg) driver version 0.4 loaded (major 249)
[   11.578400] io scheduler noop registered
[   11.587315] io scheduler deadline registered (default)
[   11.588449] io scheduler cfq registered
[   11.589426] pci_hotplug: PCI Hot Plug PCI Core version: 0.5
[   11.600865] pciehp: PCI Express Hot Plug Controller Driver version: 0.4
[   11.603060] ACPI: AC Adapter [AC] (on-line)
[   11.612265] input: Power Button as /devices/LNXSYSTM:00/LNXPWRBN:00/input/input0
[   11.628559] ACPI: Power Button [PWRF]
[   11.632018] input: Sleep Button as /devices/LNXSYSTM:00/LNXSLPBN:00/input/input1
[   11.685049] ACPI: Sleep Button [SLPF]
[   11.723186] GHES: HEST is not enabled!
[   11.775515] Serial: 8250/16550 driver, 32 ports, IRQ sharing enabled
[   11.852150] 00:02: ttyS0 at I/O 0x3f8 (irq = 4, base_baud = 115200) is a 16550A
[   11.882630] Linux agpgart interface v0.103
[   11.894575] loop: module loaded
[   11.933710] scsi host0: ata_piix
[   11.955658] scsi host1: ata_piix
[   11.966495] ata1: PATA max UDMA/33 cmd 0x1f0 ctl 0x3f6 bmdma 0xd000 irq 14
[   12.035380] ata2: PATA max UDMA/33 cmd 0x170 ctl 0x376 bmdma 0xd008 irq 15
[   12.105095] libphy: Fixed MDIO Bus: probed
[   12.148136] tsc: Refined TSC clocksource calibration: 2304.000 MHz
[   12.166046] clocksource: tsc: mask: 0xffffffffffffffff max_cycles: 0x2135f7c97c8, max_idle_ns: 440795273205 ns
[   12.166075] tun: Universal TUN/TAP device driver, 1.6
[   12.166075] tun: (C) 1999-2004 Max Krasnyansky <maxk@qualcomm.com>
[   12.256569] PPP generic driver version 2.4.2
[   12.256650] ehci_hcd: USB 2.0 'Enhanced' Host Controller (EHCI) Driver
[   12.256657] ehci-pci: EHCI PCI platform driver
[   12.256673] ehci-platform: EHCI generic platform driver
[   12.256683] ohci_hcd: USB 1.1 'Open' Host Controller (OHCI) Driver
[   12.256686] ohci-pci: OHCI PCI platform driver
[   12.256696] ohci-platform: OHCI generic platform driver
[   12.256704] uhci_hcd: USB Universal Host Controller Interface driver
[   12.256769] i8042: PNP: PS/2 Controller [PNP0303:PS2K,PNP0f03:PS2M] at 0x60,0x64 irq 1,12
[   12.257254] serio: i8042 KBD port at 0x60,0x64 irq 1
[   12.257261] serio: i8042 AUX port at 0x60,0x64 irq 12
[   12.257387] mousedev: PS/2 mouse device common for all mice
[   12.257641] input: AT Translated Set 2 keyboard as /devices/platform/i8042/serio0/input/input2
[   12.258069] rtc_cmos rtc_cmos: rtc core: registered rtc_cmos as rtc0
[   12.258158] rtc_cmos rtc_cmos: alarms up to one day, 114 bytes nvram
[   12.258169] i2c /dev entries driver
[   12.258236] device-mapper: uevent: version 1.0.3
[   12.258304] device-mapper: ioctl: 4.34.0-ioctl (2015-10-28) initialised: dm-devel@redhat.com
[   12.258326] ledtrig-cpu: registered to indicate activity on CPUs
[   12.258621] NET: Registered protocol family 10
[   12.258778] NET: Registered protocol family 17
[   12.258787] Key type dns_resolver registered
[   12.258961] registered taskstats version 1
[   12.258970] Loading compiled-in X.509 certificates
[   12.259435] Loaded X.509 cert 'Build time autogenerated kernel key: a88b0f663ecfd40e6a501dee2f0b211d51902e35'
[   12.259448] zswap: loaded using pool lzo/zbud
[   12.260617] Key type trusted registered
[   12.262475] Key type encrypted registered
[   12.262479] AppArmor: AppArmor sha1 policy hashing enabled
[   12.262481] ima: No TPM chip found, activating TPM-bypass!
[   12.262484] ima: Allocated hash algorithm: sha1
[   12.262493] evm: HMAC attrs: 0x1
[   12.262732]   Magic number: 14:50:877
[   12.264636] rtc_cmos rtc_cmos: setting system clock to 2018-12-11 08:52:04 UTC (1544518324)
[   12.264713] BIOS EDD facility v0.16 2004-Jun-25, 0 devices found
[   12.264714] EDD information not available.
[   13.422564] Freeing unused kernel memory: 1528K
[   14.004600] Write protecting the kernel read-only data: 14336k
[   14.427492] Freeing unused kernel memory: 1664K
[   14.460607] Freeing unused kernel memory: 92K
Loading, please [   14.494104] random: systemd-udevd: uninitialized urandom read (16 bytes read, 9 bits of entropy available)
wait...
starting version 229
[   14.494565] random: udevadm: uninitialized urandom read (16 bytes read, 9 bits of entropy available)
[   14.494582] random: udevadm: uninitialized urandom read (16 bytes read, 9 bits of entropy available)
[   14.501582] random: udevadm: uninitialized urandom read (16 bytes read, 9 bits of entropy available)
[   14.501616] random: udevadm: uninitialized urandom read (16 bytes read, 9 bits of entropy available)
[   14.501716] random: udevadm: uninitialized urandom read (16 bytes read, 9 bits of entropy available)
[   14.501753] random: udevadm: uninitialized urandom read (16 bytes read, 9 bits of entropy available)
[   14.501790] random: udevadm: uninitialized urandom read (16 bytes read, 9 bits of entropy available)
[   14.501826] random: udevadm: uninitialized urandom read (16 bytes read, 9 bits of entropy available)
[   14.501861] random: udevadm: uninitialized urandom read (16 bytes read, 9 bits of entropy available)
[   14.784464] e1000: Intel(R) PRO/1000 Network Driver - version 7.3.21-k8-NAPI
[   14.785696] e1000: Copyright (c) 1999-2006 Intel Corporation.
[   14.787559] Fusion MPT base driver 3.04.20
[   14.788525] Copyright (c) 1999-2008 LSI Corporation
[   14.806812] AVX2 version of gcm_enc/dec engaged.
[   14.807838] AES CTR mode by8 optimization enabled
[   14.829343] Fusion MPT SPI Host driver 3.04.20
[   15.025103] input: ImExPS/2 Generic Explorer Mouse as /devices/platform/i8042/serio1/input/input4
[   15.148428] e1000 0000:00:03.0 eth0: (PCI:33MHz:32-bit) 02:20:67:8c:d5:af
[   15.164671] e1000 0000:00:03.0 eth0: Intel(R) PRO/1000 Network Connection
[   15.527603] e1000 0000:00:08.0 eth1: (PCI:33MHz:32-bit) 08:00:27:f0:1c:0b
[   15.593186] e1000 0000:00:08.0 eth1: Intel(R) PRO/1000 Network Connection
[   15.623819] e1000 0000:00:03.0 enp0s3: renamed from eth0
[   15.650257] mptbase: ioc0: Initiating bringup
[   15.688632] e1000 0000:00:08.0 enp0s8: renamed from eth1
[   15.736062] ioc0: LSI53C1030 A0: Capabilities={Initiator}
[   16.025620] scsi host2: ioc0: LSI53C1030 A0, FwRev=00000000h, Ports=1, MaxQ=256, IRQ=20
[   17.148488] scsi 2:0:0:0: Direct-Access     VBOX     HARDDISK         1.0  PQ: 0 ANSI: 5
[   17.846064] scsi target2:0:0: Beginning Domain Validation
[   17.864580] scsi target2:0:0: Domain Validation skipping write tests
[   17.985656] scsi target2:0:0: Ending Domain Validation
[   17.993500] scsi target2:0:0: asynchronous
[   18.438583] scsi 2:0:1:0: Direct-Access     VBOX     HARDDISK         1.0  PQ: 0 ANSI: 5
[   18.860292] scsi target2:0:1: Beginning Domain Validation
[   18.877360] scsi target2:0:1: Domain Validation skipping write tests
[   18.878494] scsi target2:0:1: Ending Domain Validation
[   18.917891] scsi target2:0:1: asynchronous
[   18.929974] sd 2:0:0:0: Attached scsi generic sg0 type 0
[   18.941156] sd 2:0:0:0: [sda] 20971520 512-byte logical blocks: (10.7 GB/10.0 GiB)
[   18.982526] sd 2:0:1:0: [sdb] 20480 512-byte logical blocks: (10.5 MB/10.0 MiB)
[   18.982826] sd 2:0:0:0: [sda] Write Protect is off
[   18.982972] sd 2:0:0:0: [sda] Incomplete mode parameter data
[   18.982973] sd 2:0:0:0: [sda] Assuming drive cache: write through
[   19.016474] sd 2:0:1:0: Attached scsi generic sg1 type 0
[   19.017030]  sda: sda1
[   19.017637] sd 2:0:0:0: [sda] Attached SCSI disk
[   19.085829] sd 2:0:1:0: [sdb] Write Protect is off
[   19.113449] sd 2:0:1:0: [sdb] Incomplete mode parameter data
[   19.162545] sd 2:0:1:0: [sdb] Assuming drive cache: write through
[   19.234214] sd 2:0:1:0: [sdb] Attached SCSI disk
Begin: Loading e[   20.556221] md: linear personality registered for level -1
ssential drivers[   20.592152] md: multipath personality registered for level -4
 ... [   20.653506] md: raid0 personality registered for level 0
[   20.656671] md: raid1 personality registered for level 1
[   20.754846] raid6: sse2x1   gen() 12445 MB/s
[   20.863767] raid6: sse2x1   xor()  8820 MB/s
[   20.994041] raid6: sse2x2   gen() 14900 MB/s
[   21.092010] raid6: sse2x2   xor()  9968 MB/s
[   21.195747] raid6: sse2x4   gen() 16167 MB/s
[   21.284020] raid6: sse2x4   xor()  7829 MB/s
[   21.364354] raid6: avx2x1   gen() 24117 MB/s
[   21.447826] raid6: avx2x2   gen() 27411 MB/s
[   21.531692] raid6: avx2x4   gen() 29600 MB/s
[   21.554936] raid6: using algorithm avx2x4 gen() 29600 MB/s
[   21.593517] raid6: using avx2x2 recovery algorithm
[   21.643547] xor: automatically using best checksumming function:
[   21.684202]    avx       : 27226.000 MB/sec
[   21.705505] async_tx: api initialized (async)
[   21.713151] md: raid6 personality registered for level 6
[   21.749257] md: raid5 personality registered for level 5
[   21.750504] md: raid4 personality registered for level 4
[   21.838464] md: raid10 personality registered for level 10
done.
Begin: Running /scripts/init-premount ... done.
Begin: Mounting root file system ... Begin: Running /scripts/local-top ... done.
Begin: Running /scr[   21.866079] Btrfs loaded
ipts/local-premount ... Scanning for Btrfs filesystems
done.
Warning: fsck not present, so skipping root file system
[   21.914750] EXT4-fs (sda1): INFO: recovery required on readonly filesystem
[   21.915713] EXT4-fs (sda1): write access will be enabled during recovery
[   22.143966] EXT4-fs (sda1): orphan cleanup on readonly fs
[   22.145968] EXT4-fs (sda1): 7 orphan inodes deleted
[   22.146712] EXT4-fs (sda1): recovery complete
[   22.147811] EXT4-fs (sda1): mounted filesystem with ordered data mode. Opts: (null)
done.
Begin: Running /scripts/local-bottom ... done.
Begin: Running /scripts/init-bottom ... done.
[   22.323605] random: nonblocking pool is initialized
[   22.726936] systemd[1]: systemd 229 running in system mode. (+PAM +AUDIT +SELINUX +IMA +APPARMOR +SMACK +SYSVINIT +UTMP +LIBCRYPTSETUP +GCRYPT +GNUTLS +ACL +XZ -LZ4 +SECCOMP +BLKID +ELFUTILS +KMOD -IDN)
[   22.811672] systemd[1]: Detected virtualization oracle.
[   22.851058] systemd[1]: Detected architecture x86-64.

Welcome to [1mUbuntu 16.04.5 LTS[0m!

[   22.969267] systemd[1]: Set hostname to <ubuntu-xenial>.
[   24.246694] systemd[1]: Listening on udev Control Socket.
[[0;32m  OK  [0m] Listening on udev Control Socket.
[   24.248532] systemd[1]: Set up automount Arbitrary Executable File Formats File System Automount Point.
[[0;32m  OK  [0m] Set up automount Arbitrary Executab...ats File System Automount Point.
[   24.251189] systemd[1]: Listening on /dev/initctl Compatibility Named Pipe.
[[0;32m  OK  [0m] Listening on /dev/initctl Compatibility Named Pipe.
[   24.316674] systemd[1]: Listening on Journal Socket (/dev/log).
[[0;32m  OK  [0m] Listening on Journal Socket (/dev/log).
[   24.436111] systemd[1]: Started Trigger resolvconf update for networkd DNS.
[[0;32m  OK  [0m] Started Trigger resolvconf update for networkd DNS.
[   24.476505] systemd[1]: Reached target Encrypted Volumes.
[[0;32m  OK  [0m] Reached target Encrypted Volumes.
[   24.504080] systemd[1]: Listening on Device-mapper event daemon FIFOs.
[[0;32m  OK  [0m] Listening on Device-mapper event daemon FIFOs.
[   24.584464] systemd[1]: Listening on Journal Audit Socket.
[[0;32m  OK  [0m] Listening on Journal Audit Socket.
[   24.677293] systemd[1]: Reached target Swap.
[[0;32m  OK  [0m] Reached target Swap.
[   24.764294] systemd[1]: Listening on Journal Socket.
[[0;32m  OK  [0m] Listening on Journal Socket.
[   24.868681] systemd[1]: Listening on LVM2 poll daemon socket.
[[0;32m  OK  [0m] Listening on LVM2 poll daemon socket.
[   24.958384] systemd[1]: Created slice System Slice.
[[0;32m  OK  [0m] Created slice System Slice.
[   25.028432] systemd[1]: Mounting Huge Pages File System...
         Mounting Huge Pages File System...
[   25.057270] systemd[1]: Starting Remount Root and Kernel File Systems...
         Starting Remount Root and Kernel File Systems...
[   25.152497] systemd[1]: Starting Load Kernel Modules...
         Starting Load Kernel Modules...
[   25.239653] EXT4-fs (sda1): re-mounted. Opts: (null)
[   25.239721] Loading iSCSI transport class v2.0-870.
[   25.240757] systemd[1]: Mounting POSIX Message Queue File System...
         Mounting POSIX Message Queue File System...
[   25.262819] systemd[1]: Created slice system-serial\x2dgetty.slice.
[[0;32m  OK  [0m] Created slice[   25.267786] iscsi: registered transport (tcp)
 system-serial\x2dgetty.slice.
[   25.270044] systemd[1]: Starting Nameserver information manager...
         Starting Nameserver information manager...
[   25.273350] systemd[1]: Starting Set console keymap...
         Starting Set console keymap...
[   25.275691] systemd[1]: Starting Uncomplicated firewall...
         Starting Uncomplicated firewall...
[   25.320759] systemd[1]: Listening onysog Socket.
[[0;32m  OK  [0m] Listening on Syslog Socket.
[   25.440089] systemd[1]: Starting Journal Service...
         Starting Journal Service...
[   25.492132] systemd[1]: Listening on LVM2 metadata daemon socket.
[[0;32m  OK  [0m] Listening on LVM2 metadata daemon socket.
[   25.544005] systemd[1]: Starting Monitoring of LVM2 mirrors, snapshots etc. using dmeventd or progress polling...
         Starting Monitoring of LVM2 mirrors... dmeventd or progress polling...
[   25.576060] systemd[1]: Started Forward Password Requests to Wall Directory Watch.
[[0;32m  OK  [0m] Started Forward Password Req[   25.585251] iscsi: registered transport (iser)
uests to Wall Directory Watch.
[   25.600413] systemd[1]: Reached target System Time Synchronized.
[[0;32m  OK  [0m] Reached target System Time Synchronized.
[   25.672275] systemd[1]: Created slice User and Session Slice.
[[0;32m  OK  [0m] Created slice User and Session Slice.
[   25000]ysmd]: Rched targe Slices.
[[0;32m  OK  [0m] Reached target Slices.
[   26.028739] systemd[1]: Starting Create list of required static device nodes for the current kernel...
         Starting Create list of required st... nodes for the current kernel...
[   26.079792] systemd[1]: Mounting Debug File System...
         Mounting Debug File System...
[   26.081715] systemd[1]: Reached target User and Group Name Lookups.
[[0;32m  OK  [0m] Reached target User and Group Name Lookups.
[   26.084103] systemd[1]: Listening on udev Kernel Socket.
[[0;32m  OK  [0m] Listening on udev Kernel Socket.
[   26.201271] systemd[1]: Mounted Huge Pages File System.
[[0;32m  OK  [0m] Mounted Huge Pages File System.
[   26.256172] systemd[1]: Mounted POSIX Message Queue File System.
[[0;32m  OK  [0m] Mounted POSIX Message Queue File System.
[   26.303529] systemd[1]: Mounted Debug File System.
[[0;32m  OK  [0m] Mounted Debug File System.
[   26.372423] systemd[1]: Started Journal Service.
[[0;32m  OK  [0m] Started Journal Service.
[[0;32m  OK  [0m] Started Remount Root and Kernel File Systems.
[[0;32m  OK  [0m] Started Load Kernel Modules.
[[0;32m  OK  [0m] Started Set console keymap.
[[0;32m  OK  [0m] Started Uncomplicated firewall.
[[0;32m  OK  [0m] Started Create list of required sta...ce nodes for the current kernel.
[[0;32m  OK  [0m] Started Nameserver information manager.
[[0;32m  OK  [0m] Started LVM2 metadata daemon.
         Starting Create Static Device Nodes in /dev...
         Mounting FUSE Control File System...
         Starting Apply Kernel Variables...
         Starting Load/Save Random Seed...
         Starting udev Coldplug all Devices...
         Starting Flush Journal to Persistent Storage...
[[0;32m  OK  [0m] Mounted FUSE Control File System.
[[0;32m  OK  [0m] Started Load/Save Random Seed.
[[0;32m  OK  [0m] Started udev Coldplug all Devices.
[   27.209688] systemd-journald[394]: Received request to flush runtime journal from PID 1
[[0;32m  OK  [0m] Started Flush Journal to Persistent Storage.
[[0;32m  OK  [0m] Started Apply Kernel Variables.
[[0;32m  OK  [0m] Started Monitoring of LVM2 mirrors,...ng dmeventd or progress polling.
[[0;32m  OK  [0m] Started Create Static Device Nodes in /dev.
         Starting udev Kernel Device Manager...
[[0;32m  OK  [0m] Started udev Kernel Device Manager.
[[0;32m  OK  [0m] Reached target Local File Systems (Pre).
[[0;32m  OK  [0m] Reached target Local File Systems.
         Starting Set console font and keymap...
         Starting Tell Plymouth To Write Out Runtime Data...
         Starting LSB: AppArmor initialization...
         Starting Create Volatile Files and Directories...
         Starting Initial cloud-init job (pre-networking)...
[[0;32m  OK  [0m] Started Dispatch Password Requests to Console Directory Watch.
[[0;32m  OK  [0m] Started Tell Plymouth To Write Out Runtime Data.
[[0;32m  OK  [0m] Found device /dev/ttyS0.
[[0;32m  OK  [0m] Started Create Volatile Files and Directories.
         Starting Update UTMP about System Boot/Shutdown...
[[0;32m  OK  [0m] Listening on Load/Save RF Kill Switch Status /dev/rfkill Watch.
[[0;32m  OK  [0m] Started Update UTMP about System Boot/Shutdown.
[[0;32m  OK  [0m] Found device 82540EM Gigabit Ethern...r (PRO/1000 MT Desktop Adapter).
[[0;32m  OK  [0m] Found device 82540EM Gigabit Ethern...r (PRO/1000 MT Desktop Adapter).
[[0;32m  OK  [0m] Started Set console font and keymap.
[[0;32m  OK  [0m] Created slice system-getty.slice.
[[0;32m  OK  [0m] Started LSB: AppArmor initialization.
[   25.895695] cloud-init[488]: Cloud-init v. 18.3-9-g2e62cb8a-0ubuntu1~16.04.2 running 'init-local' at Tue, 11 Dec 2018 08:52:25 +0000. Up 25.31 seconds.
[[0;32m  OK  [0m] Started Initial cloud-init job (pre-networking).
[[0;32m  OK  [0m] Reached target Network (Pre).
[[0;32m  OK  [0m] Started ifup for enp0s8.
[[0;32m  OK  [0m] Started ifup for enp0s3.
         Starting Raise network interfaces...
[[0;32m  OK  [0m] Started Raise network interfaces.
[[0;32m  OK  [0m] Reached target Network.
         Starting Initial cloud-init job (metadata service crawler)...
[   27.408893] cloud-init[1056]: Cloud-init v. 18.3-9-g2e62cb8a-0ubuntu1~16.04.2 running 'init' at Tue, 11 Dec 2018 08:52:26 +0000. Up 26.67 seconds.
[   27.433778] cloud-init[1056]: ci-info: ++++++++++++++++++++++++++++++++++++++Net device info+++++++++++++++++++++++++++++++++++++++
[   27.538934] cloud-init[1056]: ci-info: +--------+------+-----------------------------+---------------+--------+-------------------+
[   27.539184] cloud-init[1056]: ci-info: | Device |  Up  |           Address           |      Mask     | Scope  |     Hw-Address    |
[   27.539646] cloud-init[1056]: ci-info: +--------+------+-----------------------------+---------------+--------+-------------------+
[   27.539805] cloud-init[1056]: ci-info: | enp0s3 | True |          10.0.2.15          | 255.255.255.0 | global | 02:20:67:8c:d5:af |
[   27.540257] cloud-init[1056]: ci-info: | enp0s3 | True |  fe80::20:67ff:fe8c:d5af/64 |       .       |  link  | 02:20:67:8c:d5:af |
[   27.540582] cloud-init[1056]: ci-info: | enp0s8 | True |        192.168.33.20        | 255.255.255.0 | global | 08:00:27:f0:1c:0b |
[   27.540840] cloud-init[1056]: ci-info: | enp0s8 | True | fe80::a00:27ff:fef0:1c0b/64 |       .       |  link  | 08:00:27:f0:1c:0b |
[   27.541185] cloud-init[1056]: ci-info: |   lo   | True |          127.0.0.1          |   255.0.0.0   |  host  |         .         |
[   27.541495] cloud-init[1056]: ci-info: |   lo   | True |           ::1/128           |       .       |  host  |         .         |
[   27.541644] cloud-init[1056]: ci-info: +--------+------+-----------------------------+---------------+--------+-------------------+
[   27.541791] cloud-init[1056]: ci-info: ++++++++++++++++++++++++++++Route IPv4 info++++++++++++++++++++++++++++
[   27.541942] cloud-init[1056]: ci-info: +-------+--------------+----------+---------------+-----------+-------+
[   27.542099] cloud-init[1056]: ci-info: | Route | Destination  | Gateway  |    Genmask    | Interface | Flags |
[   27.542247] cloud-init[1056]: ci-info: +-------+--------------+----------+---------------+-----------+-------+
[   27.542398] cloud-init[1056]: ci-info: |   0   |   0.0.0.0    | 10.0.2.2 |    0.0.0.0    |   enp0s3  |   UG  |
[   27.542551] cloud-init[1056]: ci-info: |   1   |   10.0.2.0   | 0.0.0.0  | 255.255.255.0 |   enp0s3  |   U   |
[   27.542747] cloud-init[1056]: ci-info: |   2   | 192.168.33.0 | 0.0.0.0  | 255.255.255.0 |   enp0s8  |   U   |
[   27.543105] cloud-init[1056]: ci-info: +-------+--------------+----------+---------------+-----------+-------+
[   27.543335] cloud-init[1056]: ci-info: +++++++++++++++++++Route IPv6 info+++++++++++++++++++
[   27.543537] cloud-init[1056]: ci-info: +-------+-------------+---------+-----------+-------+
[   27.543757] cloud-init[1056]: ci-info: | Route | Destination | Gateway | Interface | Flags |
[   27.543995] cloud-init[1056]: ci-info: +-------+-------------+---------+-----------+-------+
[   27.544298] cloud-init[1056]: ci-info: |   0   |  fe80::/64  |    ::   |   enp0s8  |   U   |
[   27.544511] cloud-init[1056]: ci-info: |   1   |  fe80::/64  |    ::   |   enp0s3  |   U   |
[   27.544826] cloud-init[1056]: ci-info: |   4   |   ff00::/8  |    ::   |   enp0s8  |   U   |
[   27.545009] cloud-init[1056]: ci-info: |   5   |   ff00::/8  |    ::   |   enp0s3  |   U   |
[   27.545156] cloud-init[1056]: ci-info: +-------+-------------+---------+-----------+-------+
[[0;32m  OK  [0m] Started Initial cloud-init job (metadata service crawler).
[[0;32m  OK  [0m] Reached target Cloud-config availability.
[[0;32m  OK  [0m] Reached target Network is Online.
         Starting iSCSI initiator daemon (iscsid)...
[[0;32m  OK  [0m] Reached target System Initialization.
[[0;32m  OK  [0m] Listening on D-Bus System Message Bus Socket.
         Starting LXD - unix socket.
[[0;32m  OK  [0m] Listening on ACPID Listen Socket.
[[0;32m  OK  [0m] Started Daily Cleanup of Temporary Directories.
[[0;32m  OK  [0m] Started ACPI Events Check.
[[0;32m  OK  [0m] Reached target Paths.
[[0;32m  OK  [0m] Started Daily apt download activities.
[[0;32m  OK  [0m] Started Daily apt upgrade and clean activities.
[[0;32m  OK  [0m] Listening on UUID daemon activation socket.
         Starting Socket activation for snappy daemon.
[[0;32m  OK  [0m] Reached target Timers.
[[0;32m  OK  [0m] Listening on LXD - unix socket.
[[0;32m  OK  [0m] Listening on Socket activation for snappy daemon.
[[0;32m  OK  [0m] Started iSCSI initiator daemon (iscsid).
         Starting Login to default iSCSI targets...
[[0;32m  OK  [0m] Reached target Sockets.
[[0;32m  OK  [0m] Reached target Basic System.
         Starting Accounts Service...
         Starting Login Service...
         Starting Virtualbox guest utils...
[[0;32m  OK  [0m] Started Deferred execution scheduler.
         Starting LSB: Record successful boot for GRUB...
         Starting OpenBSD Secure Shell server...
[[0;32m  OK  [0m] Started FUSE filesystem for LXC.
         Starting LXD - container startup/shutdown...
         Starting System Logging Service...
[[0;32m  OK  [0m] Started D-Bus System Message Bus.
[[0;32m  OK  [0m] Started ACPI event daemon.
[[0;32m  OK  [0m] Started Regular background program processing daemon.
         Starting Snappy daemon...
[[0;32m  OK  [0m] Started Unattended Upgrades Shutdown.
         Starting /etc/rc.local Compatibility...
         Starting LSB: MD monitoring daemon...
[[0;32m  OK  [0m] Started System Logging Service.
[[0;32m  OK  [0m] Started /etc/rc.local Compatibility.
[[0;32m  OK  [0m] Started OpenBSD Secure Shell server.
[[0;32m  OK  [0m] Started Login Service.
         Starting Authenticate and Authorize Users to Run Privileged Tasks...
[[0;32m  OK  [0m] Started LSB: Record successful boot for GRUB.
[[0;32m  OK  [0m] Started LSB: MD monitoring daemon.
[[0;32m  OK  [0m] Started Login to default iSCSI targets.
[[0;32m  OK  [0m] Reached target Remote File Systems (Pre).
[[0;32m  OK  [0m] Reached target Remote File Systems.
         Starting Permit User Sessions...
         Starting LSB: daemon to balance interrupts for SMP systems...
         Starting LSB: Apache2 web server...
         Starting LSB: automatic crash report generation...
         Starting LSB: Set the CPU Frequency Scaling governor to "ondemand"...
[[0;32m  OK  [0m] Started Permit User Sessions.
         Starting Hold until boot process finishes up...
         Starting Terminate Plymouth Boot Screen...
[[0;32m  OK  [0m] Started LSB: Set the CPU Frequency Scaling governor to "ondemand".
[[0;32m  OK  [0m] Started Hold until boot process finishes up.
[[0;32m  OK  [0m] Started Terminate Plymouth Boot Screen.
[[0;32m  OK  [0m] Started Authenticate and Authorize Users to Run Privileged Tasks.
[[0;32m  OK  [0m] Started Accounts Service.
[[0;32m  OK  [0m] Started LSB: daemon to balance interrupts for SMP systems.
[[0;32m  OK  [0m] Started Serial Getty on ttyS0.
         Starting Set console scheme...
[[0;32m  OK  [0m] Started Getty on tty1.
[[0;32m  OK  [0m] Reached target Login Prompts.
[[0;32m  OK  [0m] Started Virtualbox guest utils.
[[0;32m  OK  [0m] Started Set console scheme.
[[0;32m  OK  [0m] Started LSB: automatic crash report generation.
[[0;32m  OK  [0m] Started LXD - container startup/shutdown.
[[0;32m  OK  [0m] Created slice User Slice of vagrant.
         Starting User Manager for UID 1000...
[[0;32m  OK  [0m] Started Session 1 of user vagrant.
[[0;32m  OK  [0m] Started User Manager for UID 1000.
[[0;32m  OK  [0m] Started Snappy daemon.
         Starting Wait until snapd is fully seeded...
[[0;32m  OK  [0m] Started Wait until snapd is fully seeded.
         Starting Apply the settings specified in cloud-config...
[   37.670713] cloud-init[1341]: Cloud-init v. 18.3-9-g2e62cb8a-0ubuntu1~16.04.2 running 'modules:config' at Tue, 11 Dec 2018 08:52:37 +0000. Up 37.25 seconds.
[[0;32m  OK  [0m] Started Apply the settings specified in cloud-config.
[   39.104971] cloud-init[1415]: Cloud-init v. 18.3-9-g2e62cb8a-0ubuntu1~16.04.2 running 'modules:final' at Tue, 11 Dec 2018 08:52:38 +0000. Up 38.94 seconds.
[   39.105157] cloud-init[1415]: Cloud-init v. 18.3-9-g2e62cb8a-0ubuntu1~16.04.2 finished at Tue, 11 Dec 2018 08:52:38 +0000. Datasource DataSourceNoCloud [seed=/dev/sdb][dsmode=net].  Up 39.10 seconds

Ubuntu 16.04.5 LTS ubuntu-xenial ttyS0

ubuntu-xenial login: 